<html>
<body>
<pre>
<h1>µVision Build Log</h1>
<h2>Tool Versions:</h2>
IDE-Version: ¦ÌVision V5.25.2.0
Copyright (C) 2018 ARM Ltd and ARM Germany GmbH. All rights reserved.
License Information: li lyh, sd, LIC=----
 
Tool Versions:
Toolchain:       MDK-Lite  Version: 5.25.2.0
Toolchain Path:  D:\keil\ARM\ARMCC\Bin
C Compiler:      Armcc.exe V5.06 update 6 (build 750)
Assembler:       Armasm.exe V5.06 update 6 (build 750)
Linker/Locator:  ArmLink.exe V5.06 update 6 (build 750)
Library Manager: ArmAr.exe V5.06 update 6 (build 750)
Hex Converter:   FromElf.exe V5.06 update 6 (build 750)
CPU DLL:         SARMCM3.DLL V5.25.2.0
Dialog DLL:      DCM.DLL V1.17.1.0
Target DLL:      Segger\JL2CM3.dll V2.99.29.0
Dialog DLL:      TCM.DLL V1.35.1.0
 
<h2>Project:</h2>
C:\ddd\USER\test.uvprojx
Project File Date:  07/03/2019

<h2>Output:</h2>
*** Using Compiler 'V5.06 update 6 (build 750)', folder: 'D:\keil\ARM\ARMCC\Bin'
Rebuild target 'Target 1'
compiling stm32f10x_bkp.c...
compiling stm32f10x_it.c...
compiling misc.c...
compiling main.c...
main.c(45): warning:  #188-D: enumerated type mixed with another type
  	GPIO_WriteBit(GPIOC,GPIO_Pin_11,0);//zuo hou,0 zheng zhuan, 1 fan zhaun
main.c(46): warning:  #188-D: enumerated type mixed with another type
  	GPIO_WriteBit(GPIOC,GPIO_Pin_12,0);//zuo shang 0 zheng zhuan, 1 fan zhuan
main.c(47): warning:  #188-D: enumerated type mixed with another type
  	GPIO_WriteBit(GPIOC,GPIO_Pin_10,1);//you shang 1 zheng zhaun, 0 fan zhuan
main.c(48): warning:  #188-D: enumerated type mixed with another type
  	GPIO_WriteBit(GPIOC,GPIO_Pin_9,1);//you xia 1 zheng zhuan, 0 fan zhuan
main.c(56): warning:  #188-D: enumerated type mixed with another type
  	GPIO_WriteBit(GPIOC,GPIO_Pin_7,1);//FENG MING QI dang wei 0 de shi hou xiang
main.c(86): warning:  #188-D: enumerated type mixed with another type
  			GPIO_WriteBit(GPIOC,GPIO_Pin_11,1);//zuo hou,0 zheng zhuan, 1 fan zhaun
main.c(87): warning:  #188-D: enumerated type mixed with another type
  			GPIO_WriteBit(GPIOC,GPIO_Pin_12,1);//zuo shang 0 zheng zhuan, 1 fan zhuan
main.c(88): warning:  #188-D: enumerated type mixed with another type
  			GPIO_WriteBit(GPIOC,GPIO_Pin_10,0);//you shang 1 zheng zhaun, 0 fan zhuan
main.c(89): warning:  #188-D: enumerated type mixed with another type
  			GPIO_WriteBit(GPIOC,GPIO_Pin_9,0);//you xia 1 zheng zhuan, 0 fan zhuan
main.c: 9 warnings, 0 errors
compiling stm32f10x_cec.c...
compiling stm32f10x_adc.c...
compiling stm32f10x_can.c...
compiling stm32f10x_exti.c...
compiling stm32f10x_dac.c...
compiling stm32f10x_crc.c...
compiling stm32f10x_dbgmcu.c...
compiling stm32f10x_fsmc.c...
compiling stm32f10x_dma.c...
compiling stm32f10x_flash.c...
compiling stm32f10x_iwdg.c...
compiling stm32f10x_pwr.c...
compiling stm32f10x_i2c.c...
compiling stm32f10x_rtc.c...
compiling stm32f10x_gpio.c...
compiling stm32f10x_rcc.c...
compiling stm32f10x_sdio.c...
assembling startup_stm32f10x_hd.s...
compiling core_cm3.c...
compiling stm32f10x_spi.c...
compiling stm32f10x_usart.c...
compiling stm32f10x_wwdg.c...
compiling system_stm32f10x.c...
compiling delay.c...
compiling stm32f10x_tim.c...
compiling tim2.c...
..\MY\timer\tim2.c(69): warning:  #188-D: enumerated type mixed with another type
  	GPIO_WriteBit(GPIOC,GPIO_Pin_11,0);//zuo hou,0 zheng zhuan, 1 fan zhaun
..\MY\timer\tim2.c(70): warning:  #188-D: enumerated type mixed with another type
  	GPIO_WriteBit(GPIOC,GPIO_Pin_12,0);//zuo shang 0 zheng zhuan, 1 fan zhuan
..\MY\timer\tim2.c(71): warning:  #188-D: enumerated type mixed with another type
  	GPIO_WriteBit(GPIOC,GPIO_Pin_10,1);//you shang 1 zheng zhaun, 0 fan zhuan
..\MY\timer\tim2.c(72): warning:  #188-D: enumerated type mixed with another type
  	GPIO_WriteBit(GPIOC,GPIO_Pin_9,1);//you xia 1 zheng zhuan, 0 fan zhuan
..\MY\timer\tim2.c(82): warning:  #188-D: enumerated type mixed with another type
  	GPIO_WriteBit(GPIOC,GPIO_Pin_11,1);//zuo hou,0 zheng zhuan, 1 fan zhaun
..\MY\timer\tim2.c(83): warning:  #188-D: enumerated type mixed with another type
  	GPIO_WriteBit(GPIOC,GPIO_Pin_12,1);//zuo shang 0 zheng zhuan, 1 fan zhuan
..\MY\timer\tim2.c(84): warning:  #188-D: enumerated type mixed with another type
  	GPIO_WriteBit(GPIOC,GPIO_Pin_10,0);//you shang 1 zheng zhaun, 0 fan zhuan
..\MY\timer\tim2.c(85): warning:  #188-D: enumerated type mixed with another type
  	GPIO_WriteBit(GPIOC,GPIO_Pin_9,0);//you xia 1 zheng zhuan, 0 fan zhuan
..\MY\timer\tim2.c(112): warning:  #188-D: enumerated type mixed with another type
  	GPIO_WriteBit(GPIOE,GPIO_Pin_3,0);
..\MY\timer\tim2.c(324): warning:  #1-D: last line of file ends without a newline
  }
..\MY\timer\tim2.c: 10 warnings, 0 errors
compiling led.c...
compiling tim3.c...
compiling key.c...
compiling usart1.c...
..\MY\usart\usart1.c(99): warning:  #188-D: enumerated type mixed with another type
  			GPIO_WriteBit(GPIOC,GPIO_Pin_11,1);//zuo hou,0 zheng zhuan, 1 fan zhaun
..\MY\usart\usart1.c(100): warning:  #188-D: enumerated type mixed with another type
  			GPIO_WriteBit(GPIOC,GPIO_Pin_12,1);//zuo shang 0 zheng zhuan, 1 fan zhuan
..\MY\usart\usart1.c(101): warning:  #188-D: enumerated type mixed with another type
  			GPIO_WriteBit(GPIOC,GPIO_Pin_10,0);//you shang 1 zheng zhaun, 0 fan zhuan
..\MY\usart\usart1.c(102): warning:  #188-D: enumerated type mixed with another type
  			GPIO_WriteBit(GPIOC,GPIO_Pin_9,0);//you xia 1 zheng zhuan, 0 fan zhuan
..\MY\usart\usart1.c(116): warning:  #188-D: enumerated type mixed with another type
  			GPIO_WriteBit(GPIOC,GPIO_Pin_7,0);//FENG MING QI dang wei 0 de shi hou xiang
..\MY\usart\usart1.c: 5 warnings, 0 errors
compiling usart2.c...
linking...
Program Size: Code=8892 RO-data=336 RW-data=116 ZI-data=1636  
FromELF: creating hex file...
"..\OBJ\test.axf" - 0 Error(s), 24 Warning(s).

<h2>Software Packages used:</h2>

Package Vendor: Keil
                http://www.keil.com/pack/Keil.STM32F1xx_DFP.2.3.0.pack
                Keil.STM32F1xx_DFP.2.3.0
                STMicroelectronics STM32F1 Series Device Support, Drivers and Examples

<h2>Collection of Component include folders:</h2>
  .\RTE\_Target_1
  D:\keil\ARM\PACK\Keil\STM32F1xx_DFP\2.3.0\Device\Include

<h2>Collection of Component Files used:</h2>
Build Time Elapsed:  00:00:07
</pre>
</body>
</html>
